warning: function `encode_chain` is never used
   --> src/records.rs:443:4
    |
443 | fn encode_chain(versions: &[Version]) -> Vec<Record> {
    |    ^^^^^^^^^^^^
    |
    = note: `#[warn(dead_code)]` (part of `#[warn(unused)]`) on by default

warning: method `rewrite` is never used
   --> src/records.rs:701:8
    |
555 | impl LogStore {
    | ------------- method in this implementation
...
701 |     fn rewrite(&self, address: &str, versions: &[Version]) -> Result<()> {
    |        ^^^^^^^

warning: `svmscope` (lib test) generated 2 warnings
   Compiling svmscope v0.6.0 (/Users/mohammedzeeshan/Desktop/svmscope)
error[E0004]: non-exhaustive patterns: `&Provenance::Absent { .. }` not covered
    --> examples/fidelity_sweep.rs:340:11
     |
 340 |     match p {
     |           ^ pattern `&Provenance::Absent { .. }` not covered
     |
note: `Provenance` defined here
    --> src/scope.rs:2732:1
     |
2732 | pub enum Provenance {
     | ^^^^^^^^^^^^^^^^^^^
...
2806 |     Absent {
     |     ------ not covered
     = note: the matched value is of type `&Provenance`
help: ensure that all possible cases are being handled by adding a match arm with a wildcard pattern or an explicit pattern as shown
     |
 357 ~         Provenance::Fixture => "fixture",
 358 ~         &Provenance::Absent { .. } => todo!(),
     |

For more information about this error, try `rustc --explain E0004`.
error: could not compile `svmscope` (example "fidelity_sweep") due to 1 previous error
warning: build failed, waiting for other jobs to finish...
